Archive member included to satisfy reference by file (symbol)

c:/intelfpga_lite/18.1/nios2eds/bin/gnu/h-x86_64-mingw32/bin/../lib/gcc/nios2-elf/5.3.0/../../../../../H-x86_64-mingw32/nios2-elf/lib/mhw-mulx\libsmallc.a(lib_a-memcpy.o)
                              obj/default/video.o (memcpy)
c:/intelfpga_lite/18.1/nios2eds/bin/gnu/h-x86_64-mingw32/bin/../lib/gcc/nios2-elf/5.3.0/../../../../../H-x86_64-mingw32/nios2-elf/lib/mhw-mulx\libsmallc.a(lib_a-memset.o)
                              obj/default/video.o (memset)
../VGA_Display_bsp/\libhal_bsp.a(alt_load.o)
                              ../VGA_Display_bsp//obj/HAL/src/crt0.o (alt_load)
../VGA_Display_bsp/\libhal_bsp.a(alt_main.o)
                              ../VGA_Display_bsp//obj/HAL/src/crt0.o (alt_main)
../VGA_Display_bsp/\libhal_bsp.a(alt_sys_init.o)
                              ../VGA_Display_bsp/\libhal_bsp.a(alt_main.o) (alt_irq_init)
../VGA_Display_bsp/\libhal_bsp.a(alt_dcache_flush_all.o)
                              ../VGA_Display_bsp/\libhal_bsp.a(alt_load.o) (alt_dcache_flush_all)
../VGA_Display_bsp/\libhal_bsp.a(alt_dev.o)
                              ../VGA_Display_bsp/\libhal_bsp.a(alt_sys_init.o) (alt_dev_list)
../VGA_Display_bsp/\libhal_bsp.a(alt_dev_llist_insert.o)
                              ../VGA_Display_bsp/\libhal_bsp.a(alt_sys_init.o) (alt_dev_llist_insert)
../VGA_Display_bsp/\libhal_bsp.a(alt_errno.o)
                              ../VGA_Display_bsp/\libhal_bsp.a(alt_dev_llist_insert.o) (alt_errno)
../VGA_Display_bsp/\libhal_bsp.a(alt_icache_flush_all.o)
                              ../VGA_Display_bsp/\libhal_bsp.a(alt_load.o) (alt_icache_flush_all)
../VGA_Display_bsp/\libhal_bsp.a(altera_nios2_gen2_irq.o)
                              ../VGA_Display_bsp/\libhal_bsp.a(alt_sys_init.o) (altera_nios2_gen2_irq_init)
../VGA_Display_bsp/\libhal_bsp.a(alt_icache_flush.o)
                              ../VGA_Display_bsp/\libhal_bsp.a(alt_icache_flush_all.o) (alt_icache_flush)
c:/intelfpga_lite/18.1/nios2eds/bin/gnu/h-x86_64-mingw32/bin/../lib/gcc/nios2-elf/5.3.0/../../../../../H-x86_64-mingw32/nios2-elf/lib/mhw-mulx\libsmallc.a(lib_a-int_errno.o)
                              ../VGA_Display_bsp/\libhal_bsp.a(alt_dev_llist_insert.o) (errno)

Allocating common symbols
Common symbol       size              file

screen_x            0x4               obj/default/video.o
errno               0x4               c:/intelfpga_lite/18.1/nios2eds/bin/gnu/h-x86_64-mingw32/bin/../lib/gcc/nios2-elf/5.3.0/../../../../../H-x86_64-mingw32/nios2-elf/lib/mhw-mulx\libsmallc.a(lib_a-int_errno.o)
col_offset          0x4               obj/default/video.o
res_offset          0x4               obj/default/video.o
screen_y            0x4               obj/default/video.o

Memory Configuration

Name             Origin             Length             Attributes
reset            0x0000000000000000 0x0000000000000020
SDRAM            0x0000000000000020 0x0000000003ffffe0
VGA_Subsystem_Char_Buf_Subsystem_Onchip_SRAM 0x0000000009000000 0x0000000000002000
*default*        0x0000000000000000 0xffffffffffffffff

Linker script and memory map

LOAD ../VGA_Display_bsp//obj/HAL/src/crt0.o
LOAD obj/default/video.o
LOAD c:/intelfpga_lite/18.1/nios2eds/bin/gnu/h-x86_64-mingw32/bin/../lib/gcc/nios2-elf/5.3.0/../../../../../H-x86_64-mingw32/nios2-elf/lib/mhw-mulx\libstdc++.a
LOAD c:/intelfpga_lite/18.1/nios2eds/bin/gnu/h-x86_64-mingw32/bin/../lib/gcc/nios2-elf/5.3.0/../../../../../H-x86_64-mingw32/nios2-elf/lib/mhw-mulx\libm.a
LOAD c:/intelfpga_lite/18.1/nios2eds/bin/gnu/h-x86_64-mingw32/bin/../lib/gcc/nios2-elf/5.3.0/mhw-mulx\libgcc.a
START GROUP
LOAD c:/intelfpga_lite/18.1/nios2eds/bin/gnu/h-x86_64-mingw32/bin/../lib/gcc/nios2-elf/5.3.0/../../../../../H-x86_64-mingw32/nios2-elf/lib/mhw-mulx\libsmallc.a
LOAD c:/intelfpga_lite/18.1/nios2eds/bin/gnu/h-x86_64-mingw32/bin/../lib/gcc/nios2-elf/5.3.0/mhw-mulx\libgcc.a
LOAD ../VGA_Display_bsp/\libhal_bsp.a
LOAD c:/intelfpga_lite/18.1/nios2eds/bin/gnu/h-x86_64-mingw32/bin/../lib/gcc/nios2-elf/5.3.0/../../../../../H-x86_64-mingw32/nios2-elf/lib/mhw-mulx\libm.a
END GROUP
LOAD c:/intelfpga_lite/18.1/nios2eds/bin/gnu/h-x86_64-mingw32/bin/../lib/gcc/nios2-elf/5.3.0/mhw-mulx\libgcc.a
                0x0000000000000000                __alt_mem_SDRAM = 0x0
                0x0000000009000000                __alt_mem_VGA_Subsystem_Char_Buf_Subsystem_Onchip_SRAM = 0x9000000

.entry          0x0000000000000000       0x20
 *(.entry)
 .entry         0x0000000000000000       0x20 ../VGA_Display_bsp//obj/HAL/src/crt0.o
                0x0000000000000000                __reset
                0x000000000000001c                _exit

.exceptions     0x0000000000000020        0x0
                0x0000000000000020                PROVIDE (__ram_exceptions_start, ABSOLUTE (.))
                0x0000000000000020                . = ALIGN (0x20)
 *(.irq)
 *(.exceptions.entry.label)
 *(.exceptions.entry.user)
 *(.exceptions.entry.ecc_fatal)
 *(.exceptions.entry)
 *(.exceptions.irqtest.user)
 *(.exceptions.irqtest)
 *(.exceptions.irqhandler.user)
 *(.exceptions.irqhandler)
 *(.exceptions.irqreturn.user)
 *(.exceptions.irqreturn)
 *(.exceptions.notirq.label)
 *(.exceptions.notirq.user)
 *(.exceptions.notirq)
 *(.exceptions.soft.user)
 *(.exceptions.soft)
 *(.exceptions.unknown.user)
 *(.exceptions.unknown)
 *(.exceptions.exit.label)
 *(.exceptions.exit.user)
 *(.exceptions.exit)
 *(.exceptions)
                0x0000000000000020                PROVIDE (__ram_exceptions_end, ABSOLUTE (.))
                0x0000000000000020                PROVIDE (__flash_exceptions_start, LOADADDR (.exceptions))

.text           0x0000000000000020      0x830
                [!provide]                        PROVIDE (stext, ABSOLUTE (.))
 *(.interp)
 *(.hash)
 *(.dynsym)
 *(.dynstr)
 *(.gnu.version)
 *(.gnu.version_d)
 *(.gnu.version_r)
 *(.rel.init)
 *(.rela.init)
 *(.rel.text .rel.text.* .rel.gnu.linkonce.t.*)
 *(.rela.text .rela.text.* .rela.gnu.linkonce.t.*)
 *(.rel.fini)
 *(.rela.fini)
 *(.rel.rodata .rel.rodata.* .rel.gnu.linkonce.r.*)
 *(.rela.rodata .rela.rodata.* .rela.gnu.linkonce.r.*)
 *(.rel.data .rel.data.* .rel.gnu.linkonce.d.*)
 *(.rela.data .rela.data.* .rela.gnu.linkonce.d.*)
 *(.rel.tdata .rel.tdata.* .rel.gnu.linkonce.td.*)
 *(.rela.tdata .rela.tdata.* .rela.gnu.linkonce.td.*)
 *(.rel.tbss .rel.tbss.* .rel.gnu.linkonce.tb.*)
 *(.rela.tbss .rela.tbss.* .rela.gnu.linkonce.tb.*)
 *(.rel.ctors)
 *(.rela.ctors)
 *(.rel.dtors)
 *(.rela.dtors)
 *(.rel.got)
 *(.rela.got)
 *(.rel.sdata .rel.sdata.* .rel.gnu.linkonce.s.*)
 *(.rela.sdata .rela.sdata.* .rela.gnu.linkonce.s.*)
 *(.rel.sbss .rel.sbss.* .rel.gnu.linkonce.sb.*)
 *(.rela.sbss .rela.sbss.* .rela.gnu.linkonce.sb.*)
 *(.rel.sdata2 .rel.sdata2.* .rel.gnu.linkonce.s2.*)
 *(.rela.sdata2 .rela.sdata2.* .rela.gnu.linkonce.s2.*)
 *(.rel.sbss2 .rel.sbss2.* .rel.gnu.linkonce.sb2.*)
 *(.rela.sbss2 .rela.sbss2.* .rela.gnu.linkonce.sb2.*)
 *(.rel.bss .rel.bss.* .rel.gnu.linkonce.b.*)
 *(.rela.bss .rela.bss.* .rela.gnu.linkonce.b.*)
 *(.rel.plt)
 *(.rela.plt)
 *(.rel.dyn)
 *(.init)
 *(.plt)
 *(.text .stub .text.* .gnu.linkonce.t.*)
 .text          0x0000000000000020       0x3c ../VGA_Display_bsp//obj/HAL/src/crt0.o
                0x0000000000000020                _start
 .text          0x000000000000005c      0x1d0 obj/default/video.o
                0x000000000000005c                video_text
                0x0000000000000098                video_box
                0x0000000000000110                resample_rgb
                0x0000000000000174                get_data_bits
 .text.startup  0x000000000000022c      0x12c obj/default/video.o
                0x000000000000022c                main
 .text          0x0000000000000358        0x0 c:/intelfpga_lite/18.1/nios2eds/bin/gnu/h-x86_64-mingw32/bin/../lib/gcc/nios2-elf/5.3.0/../../../../../H-x86_64-mingw32/nios2-elf/lib/mhw-mulx\libsmallc.a(lib_a-memcpy.o)
 .text.memcpy   0x0000000000000358       0x28 c:/intelfpga_lite/18.1/nios2eds/bin/gnu/h-x86_64-mingw32/bin/../lib/gcc/nios2-elf/5.3.0/../../../../../H-x86_64-mingw32/nios2-elf/lib/mhw-mulx\libsmallc.a(lib_a-memcpy.o)
                0x0000000000000358                memcpy
 .text          0x0000000000000380        0x0 c:/intelfpga_lite/18.1/nios2eds/bin/gnu/h-x86_64-mingw32/bin/../lib/gcc/nios2-elf/5.3.0/../../../../../H-x86_64-mingw32/nios2-elf/lib/mhw-mulx\libsmallc.a(lib_a-memset.o)
 .text.memset   0x0000000000000380       0x20 c:/intelfpga_lite/18.1/nios2eds/bin/gnu/h-x86_64-mingw32/bin/../lib/gcc/nios2-elf/5.3.0/../../../../../H-x86_64-mingw32/nios2-elf/lib/mhw-mulx\libsmallc.a(lib_a-memset.o)
                0x0000000000000380                memset
 .text          0x00000000000003a0       0xe0 ../VGA_Display_bsp/\libhal_bsp.a(alt_load.o)
                0x00000000000003a0                alt_load
 .text          0x0000000000000480       0x2c ../VGA_Display_bsp/\libhal_bsp.a(alt_main.o)
                0x0000000000000480                alt_main
 .text          0x00000000000004ac      0x2e0 ../VGA_Display_bsp/\libhal_bsp.a(alt_sys_init.o)
                0x00000000000004b4                alt_irq_init
                0x00000000000004d4                alt_sys_init
 .text          0x000000000000078c        0x4 ../VGA_Display_bsp/\libhal_bsp.a(alt_dcache_flush_all.o)
                0x000000000000078c                alt_dcache_flush_all
 .text          0x0000000000000790        0x8 ../VGA_Display_bsp/\libhal_bsp.a(alt_dev.o)
 .text          0x0000000000000798       0x6c ../VGA_Display_bsp/\libhal_bsp.a(alt_dev_llist_insert.o)
                0x0000000000000798                alt_dev_llist_insert
 .text          0x0000000000000804        0x0 ../VGA_Display_bsp/\libhal_bsp.a(alt_errno.o)
 .text          0x0000000000000804        0xc ../VGA_Display_bsp/\libhal_bsp.a(alt_icache_flush_all.o)
                0x0000000000000804                alt_icache_flush_all
 .text          0x0000000000000810        0x8 ../VGA_Display_bsp/\libhal_bsp.a(altera_nios2_gen2_irq.o)
                0x0000000000000810                altera_nios2_gen2_irq_init
 .text          0x0000000000000818       0x38 ../VGA_Display_bsp/\libhal_bsp.a(alt_icache_flush.o)
                0x0000000000000818                alt_icache_flush
 .text          0x0000000000000850        0x0 c:/intelfpga_lite/18.1/nios2eds/bin/gnu/h-x86_64-mingw32/bin/../lib/gcc/nios2-elf/5.3.0/../../../../../H-x86_64-mingw32/nios2-elf/lib/mhw-mulx\libsmallc.a(lib_a-int_errno.o)
 *(.gnu.warning.*)
 *(.fini)
                [!provide]                        PROVIDE (__etext, ABSOLUTE (.))
                [!provide]                        PROVIDE (_etext, ABSOLUTE (.))
                [!provide]                        PROVIDE (etext, ABSOLUTE (.))
 *(.eh_frame_hdr)
                0x0000000000000850                . = ALIGN (0x4)
                [!provide]                        PROVIDE (__preinit_array_start, ABSOLUTE (.))
 *(.preinit_array)
                [!provide]                        PROVIDE (__preinit_array_end, ABSOLUTE (.))
                [!provide]                        PROVIDE (__init_array_start, ABSOLUTE (.))
 *(.init_array)
                [!provide]                        PROVIDE (__init_array_end, ABSOLUTE (.))
                [!provide]                        PROVIDE (__fini_array_start, ABSOLUTE (.))
 *(.fini_array)
                [!provide]                        PROVIDE (__fini_array_end, ABSOLUTE (.))
 *(.eh_frame)
 *(.gcc_except_table .gcc_except_table.*)
 *(.dynamic)
                [!provide]                        PROVIDE (__CTOR_LIST__, ABSOLUTE (.))
 *(.ctors)
 *(SORT(.ctors.*))
                [!provide]                        PROVIDE (__CTOR_END__, ABSOLUTE (.))
                [!provide]                        PROVIDE (__DTOR_LIST__, ABSOLUTE (.))
 *(.dtors)
 *(SORT(.dtors.*))
                [!provide]                        PROVIDE (__DTOR_END__, ABSOLUTE (.))
 *(.jcr)
                0x0000000000000850                . = ALIGN (0x4)

.rodata         0x0000000000000850       0xf0
                0x0000000000000850                PROVIDE (__ram_rodata_start, ABSOLUTE (.))
                0x0000000000000850                . = ALIGN (0x4)
 *(.rodata .rodata.* .gnu.linkonce.r.*)
 .rodata        0x0000000000000850       0x50 obj/default/video.o
 .rodata.str1.4
                0x00000000000008a0       0x93 ../VGA_Display_bsp/\libhal_bsp.a(alt_sys_init.o)
 *fill*         0x0000000000000933        0x1 
 .rodata.str1.4
                0x0000000000000934        0xc ../VGA_Display_bsp/\libhal_bsp.a(alt_dev.o)
                                          0xa (size before relaxing)
 *(.rodata1)
                0x0000000000000940                . = ALIGN (0x4)
                0x0000000000000940                PROVIDE (__ram_rodata_end, ABSOLUTE (.))
                0x0000000000000850                PROVIDE (__flash_rodata_start, LOADADDR (.rodata))

.rwdata         0x0000000000000940      0x19c load address 0x0000000000000adc
                0x0000000000000940                PROVIDE (__ram_rwdata_start, ABSOLUTE (.))
                0x0000000000000940                . = ALIGN (0x4)
 *(.got.plt)
 *(.got)
 *(.data1)
 *(.data .data.* .gnu.linkonce.d.*)
 .data          0x0000000000000940        0x0 ../VGA_Display_bsp//obj/HAL/src/crt0.o
 .data          0x0000000000000940        0x0 obj/default/video.o
 .data          0x0000000000000940        0x0 c:/intelfpga_lite/18.1/nios2eds/bin/gnu/h-x86_64-mingw32/bin/../lib/gcc/nios2-elf/5.3.0/../../../../../H-x86_64-mingw32/nios2-elf/lib/mhw-mulx\libsmallc.a(lib_a-memcpy.o)
 .data          0x0000000000000940        0x0 c:/intelfpga_lite/18.1/nios2eds/bin/gnu/h-x86_64-mingw32/bin/../lib/gcc/nios2-elf/5.3.0/../../../../../H-x86_64-mingw32/nios2-elf/lib/mhw-mulx\libsmallc.a(lib_a-memset.o)
 .data          0x0000000000000940        0x0 ../VGA_Display_bsp/\libhal_bsp.a(alt_load.o)
 .data          0x0000000000000940        0x0 ../VGA_Display_bsp/\libhal_bsp.a(alt_main.o)
 .data          0x0000000000000940      0x12c ../VGA_Display_bsp/\libhal_bsp.a(alt_sys_init.o)
 .data          0x0000000000000a6c        0x0 ../VGA_Display_bsp/\libhal_bsp.a(alt_dcache_flush_all.o)
 .data          0x0000000000000a6c       0x58 ../VGA_Display_bsp/\libhal_bsp.a(alt_dev.o)
                0x0000000000000a6c                alt_fd_list
                0x0000000000000a9c                alt_dev_null
 .data          0x0000000000000ac4        0x0 ../VGA_Display_bsp/\libhal_bsp.a(alt_dev_llist_insert.o)
 .data          0x0000000000000ac4        0x0 ../VGA_Display_bsp/\libhal_bsp.a(alt_errno.o)
 .data          0x0000000000000ac4        0x0 ../VGA_Display_bsp/\libhal_bsp.a(alt_icache_flush_all.o)
 .data          0x0000000000000ac4        0x0 ../VGA_Display_bsp/\libhal_bsp.a(altera_nios2_gen2_irq.o)
 .data          0x0000000000000ac4        0x0 ../VGA_Display_bsp/\libhal_bsp.a(alt_icache_flush.o)
 .data          0x0000000000000ac4        0x0 c:/intelfpga_lite/18.1/nios2eds/bin/gnu/h-x86_64-mingw32/bin/../lib/gcc/nios2-elf/5.3.0/../../../../../H-x86_64-mingw32/nios2-elf/lib/mhw-mulx\libsmallc.a(lib_a-int_errno.o)
                0x0000000000008ac4                _gp = ABSOLUTE ((. + 0x8000))
                [!provide]                        PROVIDE (gp, _gp)
 *(.rwdata .rwdata.*)
 *(.sdata .sdata.* .gnu.linkonce.s.*)
 .sdata         0x0000000000000ac4       0x14 ../VGA_Display_bsp/\libhal_bsp.a(alt_dev.o)
                0x0000000000000ac4                alt_max_fd
                0x0000000000000ac8                alt_dev_list
                0x0000000000000ad0                alt_fs_list
 .sdata         0x0000000000000ad8        0x4 ../VGA_Display_bsp/\libhal_bsp.a(alt_errno.o)
                0x0000000000000ad8                alt_errno
 *(.sdata2 .sdata2.* .gnu.linkonce.s2.*)
                0x0000000000000adc                . = ALIGN (0x4)
                0x0000000000000adc                _edata = ABSOLUTE (.)
                [!provide]                        PROVIDE (edata, ABSOLUTE (.))
                0x0000000000000adc                PROVIDE (__ram_rwdata_end, ABSOLUTE (.))
                0x0000000000000adc                PROVIDE (__flash_rwdata_start, LOADADDR (.rwdata))

.bss            0x0000000000000c78       0x20
                0x0000000000000c78                __bss_start = ABSOLUTE (.)
                [!provide]                        PROVIDE (__sbss_start, ABSOLUTE (.))
                [!provide]                        PROVIDE (___sbss_start, ABSOLUTE (.))
 *(.dynsbss)
 *(.sbss .sbss.* .gnu.linkonce.sb.*)
 .sbss          0x0000000000000c78       0x10 obj/default/video.o
                0x0000000000000c78                screen_x
                0x0000000000000c7c                col_offset
                0x0000000000000c80                res_offset
                0x0000000000000c84                screen_y
 .sbss          0x0000000000000c88        0xc ../VGA_Display_bsp/\libhal_bsp.a(alt_main.o)
                0x0000000000000c88                alt_envp
                0x0000000000000c8c                alt_argv
                0x0000000000000c90                alt_argc
 .sbss          0x0000000000000c94        0x4 c:/intelfpga_lite/18.1/nios2eds/bin/gnu/h-x86_64-mingw32/bin/../lib/gcc/nios2-elf/5.3.0/../../../../../H-x86_64-mingw32/nios2-elf/lib/mhw-mulx\libsmallc.a(lib_a-int_errno.o)
                0x0000000000000c94                errno
 *(.sbss2 .sbss2.* .gnu.linkonce.sb2.*)
 *(.scommon)
                [!provide]                        PROVIDE (__sbss_end, ABSOLUTE (.))
                [!provide]                        PROVIDE (___sbss_end, ABSOLUTE (.))
 *(.dynbss)
 *(.bss .bss.* .gnu.linkonce.b.*)
 .bss           0x0000000000000c98        0x0 ../VGA_Display_bsp//obj/HAL/src/crt0.o
 .bss           0x0000000000000c98        0x0 obj/default/video.o
 .bss           0x0000000000000c98        0x0 c:/intelfpga_lite/18.1/nios2eds/bin/gnu/h-x86_64-mingw32/bin/../lib/gcc/nios2-elf/5.3.0/../../../../../H-x86_64-mingw32/nios2-elf/lib/mhw-mulx\libsmallc.a(lib_a-memcpy.o)
 .bss           0x0000000000000c98        0x0 c:/intelfpga_lite/18.1/nios2eds/bin/gnu/h-x86_64-mingw32/bin/../lib/gcc/nios2-elf/5.3.0/../../../../../H-x86_64-mingw32/nios2-elf/lib/mhw-mulx\libsmallc.a(lib_a-memset.o)
 .bss           0x0000000000000c98        0x0 ../VGA_Display_bsp/\libhal_bsp.a(alt_load.o)
 .bss           0x0000000000000c98        0x0 ../VGA_Display_bsp/\libhal_bsp.a(alt_main.o)
 .bss           0x0000000000000c98        0x0 ../VGA_Display_bsp/\libhal_bsp.a(alt_sys_init.o)
 .bss           0x0000000000000c98        0x0 ../VGA_Display_bsp/\libhal_bsp.a(alt_dcache_flush_all.o)
 .bss           0x0000000000000c98        0x0 ../VGA_Display_bsp/\libhal_bsp.a(alt_dev.o)
 .bss           0x0000000000000c98        0x0 ../VGA_Display_bsp/\libhal_bsp.a(alt_dev_llist_insert.o)
 .bss           0x0000000000000c98        0x0 ../VGA_Display_bsp/\libhal_bsp.a(alt_errno.o)
 .bss           0x0000000000000c98        0x0 ../VGA_Display_bsp/\libhal_bsp.a(alt_icache_flush_all.o)
 .bss           0x0000000000000c98        0x0 ../VGA_Display_bsp/\libhal_bsp.a(altera_nios2_gen2_irq.o)
 .bss           0x0000000000000c98        0x0 ../VGA_Display_bsp/\libhal_bsp.a(alt_icache_flush.o)
 .bss           0x0000000000000c98        0x0 c:/intelfpga_lite/18.1/nios2eds/bin/gnu/h-x86_64-mingw32/bin/../lib/gcc/nios2-elf/5.3.0/../../../../../H-x86_64-mingw32/nios2-elf/lib/mhw-mulx\libsmallc.a(lib_a-int_errno.o)
 *(COMMON)
                0x0000000000000c98                . = ALIGN (0x4)
                0x0000000000000c98                __bss_end = ABSOLUTE (.)

.SDRAM          0x0000000000000c98        0x0
                [!provide]                        PROVIDE (_alt_partition_SDRAM_start, ABSOLUTE (.))
 *(.SDRAM .SDRAM. SDRAM.*)
                0x0000000000000c98                . = ALIGN (0x4)
                [!provide]                        PROVIDE (_alt_partition_SDRAM_end, ABSOLUTE (.))
                0x0000000000000c98                _end = ABSOLUTE (.)
                0x0000000000000c98                end = ABSOLUTE (.)
                0x0000000000000c98                __alt_stack_base = ABSOLUTE (.)
                [!provide]                        PROVIDE (_alt_partition_SDRAM_load_addr, LOADADDR (.SDRAM))

.VGA_Subsystem_Char_Buf_Subsystem_Onchip_SRAM
                0x0000000009000000        0x0 load address 0x0000000000000c98
                [!provide]                        PROVIDE (_alt_partition_VGA_Subsystem_Char_Buf_Subsystem_Onchip_SRAM_start, ABSOLUTE (.))
 *(.VGA_Subsystem_Char_Buf_Subsystem_Onchip_SRAM .VGA_Subsystem_Char_Buf_Subsystem_Onchip_SRAM. VGA_Subsystem_Char_Buf_Subsystem_Onchip_SRAM.*)
                0x0000000009000000                . = ALIGN (0x4)
                [!provide]                        PROVIDE (_alt_partition_VGA_Subsystem_Char_Buf_Subsystem_Onchip_SRAM_end, ABSOLUTE (.))
                [!provide]                        PROVIDE (_alt_partition_VGA_Subsystem_Char_Buf_Subsystem_Onchip_SRAM_load_addr, LOADADDR (.VGA_Subsystem_Char_Buf_Subsystem_Onchip_SRAM))

.stab
 *(.stab)

.stabstr
 *(.stabstr)

.stab.excl
 *(.stab.excl)

.stab.exclstr
 *(.stab.exclstr)

.stab.index
 *(.stab.index)

.stab.indexstr
 *(.stab.indexstr)

.comment        0x0000000000000000       0x23
 *(.comment)
 .comment       0x0000000000000000       0x23 obj/default/video.o
                                         0x24 (size before relaxing)
 .comment       0x0000000000000023       0x24 c:/intelfpga_lite/18.1/nios2eds/bin/gnu/h-x86_64-mingw32/bin/../lib/gcc/nios2-elf/5.3.0/../../../../../H-x86_64-mingw32/nios2-elf/lib/mhw-mulx\libsmallc.a(lib_a-memcpy.o)
 .comment       0x0000000000000023       0x24 c:/intelfpga_lite/18.1/nios2eds/bin/gnu/h-x86_64-mingw32/bin/../lib/gcc/nios2-elf/5.3.0/../../../../../H-x86_64-mingw32/nios2-elf/lib/mhw-mulx\libsmallc.a(lib_a-memset.o)
 .comment       0x0000000000000023       0x24 ../VGA_Display_bsp/\libhal_bsp.a(alt_load.o)
 .comment       0x0000000000000023       0x24 ../VGA_Display_bsp/\libhal_bsp.a(alt_main.o)
 .comment       0x0000000000000023       0x24 ../VGA_Display_bsp/\libhal_bsp.a(alt_sys_init.o)
 .comment       0x0000000000000023       0x24 ../VGA_Display_bsp/\libhal_bsp.a(alt_dcache_flush_all.o)
 .comment       0x0000000000000023       0x24 ../VGA_Display_bsp/\libhal_bsp.a(alt_dev.o)
 .comment       0x0000000000000023       0x24 ../VGA_Display_bsp/\libhal_bsp.a(alt_dev_llist_insert.o)
 .comment       0x0000000000000023       0x24 ../VGA_Display_bsp/\libhal_bsp.a(alt_errno.o)
 .comment       0x0000000000000023       0x24 ../VGA_Display_bsp/\libhal_bsp.a(alt_icache_flush_all.o)
 .comment       0x0000000000000023       0x24 ../VGA_Display_bsp/\libhal_bsp.a(altera_nios2_gen2_irq.o)
 .comment       0x0000000000000023       0x24 ../VGA_Display_bsp/\libhal_bsp.a(alt_icache_flush.o)
 .comment       0x0000000000000023       0x24 c:/intelfpga_lite/18.1/nios2eds/bin/gnu/h-x86_64-mingw32/bin/../lib/gcc/nios2-elf/5.3.0/../../../../../H-x86_64-mingw32/nios2-elf/lib/mhw-mulx\libsmallc.a(lib_a-int_errno.o)

.debug
 *(.debug)

.line
 *(.line)

.debug_srcinfo
 *(.debug_srcinfo)

.debug_sfnames
 *(.debug_sfnames)

.debug_aranges  0x0000000000000000      0x1e0
 *(.debug_aranges)
 .debug_aranges
                0x0000000000000000       0x28 ../VGA_Display_bsp//obj/HAL/src/crt0.o
 .debug_aranges
                0x0000000000000028       0x28 obj/default/video.o
 .debug_aranges
                0x0000000000000050       0x20 c:/intelfpga_lite/18.1/nios2eds/bin/gnu/h-x86_64-mingw32/bin/../lib/gcc/nios2-elf/5.3.0/../../../../../H-x86_64-mingw32/nios2-elf/lib/mhw-mulx\libsmallc.a(lib_a-memcpy.o)
 .debug_aranges
                0x0000000000000070       0x20 c:/intelfpga_lite/18.1/nios2eds/bin/gnu/h-x86_64-mingw32/bin/../lib/gcc/nios2-elf/5.3.0/../../../../../H-x86_64-mingw32/nios2-elf/lib/mhw-mulx\libsmallc.a(lib_a-memset.o)
 .debug_aranges
                0x0000000000000090       0x20 ../VGA_Display_bsp/\libhal_bsp.a(alt_load.o)
 .debug_aranges
                0x00000000000000b0       0x20 ../VGA_Display_bsp/\libhal_bsp.a(alt_main.o)
 .debug_aranges
                0x00000000000000d0       0x20 ../VGA_Display_bsp/\libhal_bsp.a(alt_sys_init.o)
 .debug_aranges
                0x00000000000000f0       0x20 ../VGA_Display_bsp/\libhal_bsp.a(alt_dcache_flush_all.o)
 .debug_aranges
                0x0000000000000110       0x20 ../VGA_Display_bsp/\libhal_bsp.a(alt_dev.o)
 .debug_aranges
                0x0000000000000130       0x20 ../VGA_Display_bsp/\libhal_bsp.a(alt_dev_llist_insert.o)
 .debug_aranges
                0x0000000000000150       0x18 ../VGA_Display_bsp/\libhal_bsp.a(alt_errno.o)
 .debug_aranges
                0x0000000000000168       0x20 ../VGA_Display_bsp/\libhal_bsp.a(alt_icache_flush_all.o)
 .debug_aranges
                0x0000000000000188       0x20 ../VGA_Display_bsp/\libhal_bsp.a(altera_nios2_gen2_irq.o)
 .debug_aranges
                0x00000000000001a8       0x20 ../VGA_Display_bsp/\libhal_bsp.a(alt_icache_flush.o)
 .debug_aranges
                0x00000000000001c8       0x18 c:/intelfpga_lite/18.1/nios2eds/bin/gnu/h-x86_64-mingw32/bin/../lib/gcc/nios2-elf/5.3.0/../../../../../H-x86_64-mingw32/nios2-elf/lib/mhw-mulx\libsmallc.a(lib_a-int_errno.o)

.debug_pubnames
 *(.debug_pubnames)

.debug_info     0x0000000000000000     0x1a89
 *(.debug_info .gnu.linkonce.wi.*)
 .debug_info    0x0000000000000000       0x66 ../VGA_Display_bsp//obj/HAL/src/crt0.o
 .debug_info    0x0000000000000066      0x419 obj/default/video.o
 .debug_info    0x000000000000047f      0x119 c:/intelfpga_lite/18.1/nios2eds/bin/gnu/h-x86_64-mingw32/bin/../lib/gcc/nios2-elf/5.3.0/../../../../../H-x86_64-mingw32/nios2-elf/lib/mhw-mulx\libsmallc.a(lib_a-memcpy.o)
 .debug_info    0x0000000000000598       0xdc c:/intelfpga_lite/18.1/nios2eds/bin/gnu/h-x86_64-mingw32/bin/../lib/gcc/nios2-elf/5.3.0/../../../../../H-x86_64-mingw32/nios2-elf/lib/mhw-mulx\libsmallc.a(lib_a-memset.o)
 .debug_info    0x0000000000000674      0x1c9 ../VGA_Display_bsp/\libhal_bsp.a(alt_load.o)
 .debug_info    0x000000000000083d      0x18f ../VGA_Display_bsp/\libhal_bsp.a(alt_main.o)
 .debug_info    0x00000000000009cc      0x661 ../VGA_Display_bsp/\libhal_bsp.a(alt_sys_init.o)
 .debug_info    0x000000000000102d       0x92 ../VGA_Display_bsp/\libhal_bsp.a(alt_dcache_flush_all.o)
 .debug_info    0x00000000000010bf      0x499 ../VGA_Display_bsp/\libhal_bsp.a(alt_dev.o)
 .debug_info    0x0000000000001558      0x1b3 ../VGA_Display_bsp/\libhal_bsp.a(alt_dev_llist_insert.o)
 .debug_info    0x000000000000170b       0xa6 ../VGA_Display_bsp/\libhal_bsp.a(alt_errno.o)
 .debug_info    0x00000000000017b1       0xb8 ../VGA_Display_bsp/\libhal_bsp.a(alt_icache_flush_all.o)
 .debug_info    0x0000000000001869       0xb8 ../VGA_Display_bsp/\libhal_bsp.a(altera_nios2_gen2_irq.o)
 .debug_info    0x0000000000001921       0xde ../VGA_Display_bsp/\libhal_bsp.a(alt_icache_flush.o)
 .debug_info    0x00000000000019ff       0x8a c:/intelfpga_lite/18.1/nios2eds/bin/gnu/h-x86_64-mingw32/bin/../lib/gcc/nios2-elf/5.3.0/../../../../../H-x86_64-mingw32/nios2-elf/lib/mhw-mulx\libsmallc.a(lib_a-int_errno.o)

.debug_abbrev   0x0000000000000000      0xaae
 *(.debug_abbrev)
 .debug_abbrev  0x0000000000000000       0x12 ../VGA_Display_bsp//obj/HAL/src/crt0.o
 .debug_abbrev  0x0000000000000012      0x1ad obj/default/video.o
 .debug_abbrev  0x00000000000001bf       0x9c c:/intelfpga_lite/18.1/nios2eds/bin/gnu/h-x86_64-mingw32/bin/../lib/gcc/nios2-elf/5.3.0/../../../../../H-x86_64-mingw32/nios2-elf/lib/mhw-mulx\libsmallc.a(lib_a-memcpy.o)
 .debug_abbrev  0x000000000000025b       0x8e c:/intelfpga_lite/18.1/nios2eds/bin/gnu/h-x86_64-mingw32/bin/../lib/gcc/nios2-elf/5.3.0/../../../../../H-x86_64-mingw32/nios2-elf/lib/mhw-mulx\libsmallc.a(lib_a-memset.o)
 .debug_abbrev  0x00000000000002e9       0xd8 ../VGA_Display_bsp/\libhal_bsp.a(alt_load.o)
 .debug_abbrev  0x00000000000003c1       0xf5 ../VGA_Display_bsp/\libhal_bsp.a(alt_main.o)
 .debug_abbrev  0x00000000000004b6      0x1bf ../VGA_Display_bsp/\libhal_bsp.a(alt_sys_init.o)
 .debug_abbrev  0x0000000000000675       0x42 ../VGA_Display_bsp/\libhal_bsp.a(alt_dcache_flush_all.o)
 .debug_abbrev  0x00000000000006b7       0xd9 ../VGA_Display_bsp/\libhal_bsp.a(alt_dev.o)
 .debug_abbrev  0x0000000000000790      0x11c ../VGA_Display_bsp/\libhal_bsp.a(alt_dev_llist_insert.o)
 .debug_abbrev  0x00000000000008ac       0x5a ../VGA_Display_bsp/\libhal_bsp.a(alt_errno.o)
 .debug_abbrev  0x0000000000000906       0x6f ../VGA_Display_bsp/\libhal_bsp.a(alt_icache_flush_all.o)
 .debug_abbrev  0x0000000000000975       0x67 ../VGA_Display_bsp/\libhal_bsp.a(altera_nios2_gen2_irq.o)
 .debug_abbrev  0x00000000000009dc       0x9b ../VGA_Display_bsp/\libhal_bsp.a(alt_icache_flush.o)
 .debug_abbrev  0x0000000000000a77       0x37 c:/intelfpga_lite/18.1/nios2eds/bin/gnu/h-x86_64-mingw32/bin/../lib/gcc/nios2-elf/5.3.0/../../../../../H-x86_64-mingw32/nios2-elf/lib/mhw-mulx\libsmallc.a(lib_a-int_errno.o)

.debug_line     0x0000000000000000      0xbca
 *(.debug_line)
 .debug_line    0x0000000000000000       0x6c ../VGA_Display_bsp//obj/HAL/src/crt0.o
 .debug_line    0x000000000000006c       0xc4 obj/default/video.o
 .debug_line    0x0000000000000130      0x15e c:/intelfpga_lite/18.1/nios2eds/bin/gnu/h-x86_64-mingw32/bin/../lib/gcc/nios2-elf/5.3.0/../../../../../H-x86_64-mingw32/nios2-elf/lib/mhw-mulx\libsmallc.a(lib_a-memcpy.o)
 .debug_line    0x000000000000028e      0x15d c:/intelfpga_lite/18.1/nios2eds/bin/gnu/h-x86_64-mingw32/bin/../lib/gcc/nios2-elf/5.3.0/../../../../../H-x86_64-mingw32/nios2-elf/lib/mhw-mulx\libsmallc.a(lib_a-memset.o)
 .debug_line    0x00000000000003eb       0xa4 ../VGA_Display_bsp/\libhal_bsp.a(alt_load.o)
 .debug_line    0x000000000000048f       0xea ../VGA_Display_bsp/\libhal_bsp.a(alt_main.o)
 .debug_line    0x0000000000000579      0x20e ../VGA_Display_bsp/\libhal_bsp.a(alt_sys_init.o)
 .debug_line    0x0000000000000787       0x4e ../VGA_Display_bsp/\libhal_bsp.a(alt_dcache_flush_all.o)
 .debug_line    0x00000000000007d5       0xf6 ../VGA_Display_bsp/\libhal_bsp.a(alt_dev.o)
 .debug_line    0x00000000000008cb       0xd8 ../VGA_Display_bsp/\libhal_bsp.a(alt_dev_llist_insert.o)
 .debug_line    0x00000000000009a3       0x51 ../VGA_Display_bsp/\libhal_bsp.a(alt_errno.o)
 .debug_line    0x00000000000009f4       0x6e ../VGA_Display_bsp/\libhal_bsp.a(alt_icache_flush_all.o)
 .debug_line    0x0000000000000a62       0x8c ../VGA_Display_bsp/\libhal_bsp.a(altera_nios2_gen2_irq.o)
 .debug_line    0x0000000000000aee       0x7d ../VGA_Display_bsp/\libhal_bsp.a(alt_icache_flush.o)
 .debug_line    0x0000000000000b6b       0x5f c:/intelfpga_lite/18.1/nios2eds/bin/gnu/h-x86_64-mingw32/bin/../lib/gcc/nios2-elf/5.3.0/../../../../../H-x86_64-mingw32/nios2-elf/lib/mhw-mulx\libsmallc.a(lib_a-int_errno.o)

.debug_frame    0x0000000000000000      0x23c
 *(.debug_frame)
 .debug_frame   0x0000000000000000       0x78 obj/default/video.o
 .debug_frame   0x0000000000000078       0x20 c:/intelfpga_lite/18.1/nios2eds/bin/gnu/h-x86_64-mingw32/bin/../lib/gcc/nios2-elf/5.3.0/../../../../../H-x86_64-mingw32/nios2-elf/lib/mhw-mulx\libsmallc.a(lib_a-memcpy.o)
 .debug_frame   0x0000000000000098       0x20 c:/intelfpga_lite/18.1/nios2eds/bin/gnu/h-x86_64-mingw32/bin/../lib/gcc/nios2-elf/5.3.0/../../../../../H-x86_64-mingw32/nios2-elf/lib/mhw-mulx\libsmallc.a(lib_a-memset.o)
 .debug_frame   0x00000000000000b8       0x30 ../VGA_Display_bsp/\libhal_bsp.a(alt_load.o)
 .debug_frame   0x00000000000000e8       0x2c ../VGA_Display_bsp/\libhal_bsp.a(alt_main.o)
 .debug_frame   0x0000000000000114       0x5c ../VGA_Display_bsp/\libhal_bsp.a(alt_sys_init.o)
 .debug_frame   0x0000000000000170       0x20 ../VGA_Display_bsp/\libhal_bsp.a(alt_dcache_flush_all.o)
 .debug_frame   0x0000000000000190       0x20 ../VGA_Display_bsp/\libhal_bsp.a(alt_dev.o)
 .debug_frame   0x00000000000001b0       0x2c ../VGA_Display_bsp/\libhal_bsp.a(alt_dev_llist_insert.o)
 .debug_frame   0x00000000000001dc       0x20 ../VGA_Display_bsp/\libhal_bsp.a(alt_icache_flush_all.o)
 .debug_frame   0x00000000000001fc       0x20 ../VGA_Display_bsp/\libhal_bsp.a(altera_nios2_gen2_irq.o)
 .debug_frame   0x000000000000021c       0x20 ../VGA_Display_bsp/\libhal_bsp.a(alt_icache_flush.o)

.debug_str      0x0000000000000000      0xbbe
 *(.debug_str)
 .debug_str     0x0000000000000000      0x192 obj/default/video.o
                                        0x1ae (size before relaxing)
 .debug_str     0x0000000000000192      0x19c c:/intelfpga_lite/18.1/nios2eds/bin/gnu/h-x86_64-mingw32/bin/../lib/gcc/nios2-elf/5.3.0/../../../../../H-x86_64-mingw32/nios2-elf/lib/mhw-mulx\libsmallc.a(lib_a-memcpy.o)
                                        0x1ef (size before relaxing)
 .debug_str     0x000000000000032e       0x3d c:/intelfpga_lite/18.1/nios2eds/bin/gnu/h-x86_64-mingw32/bin/../lib/gcc/nios2-elf/5.3.0/../../../../../H-x86_64-mingw32/nios2-elf/lib/mhw-mulx\libsmallc.a(lib_a-memset.o)
                                        0x1db (size before relaxing)
 .debug_str     0x000000000000036b      0x14d ../VGA_Display_bsp/\libhal_bsp.a(alt_load.o)
                                        0x22b (size before relaxing)
 .debug_str     0x00000000000004b8       0xb0 ../VGA_Display_bsp/\libhal_bsp.a(alt_main.o)
                                        0x1cd (size before relaxing)
 .debug_str     0x0000000000000568      0x36d ../VGA_Display_bsp/\libhal_bsp.a(alt_sys_init.o)
                                        0x51c (size before relaxing)
 .debug_str     0x00000000000008d5       0x1f ../VGA_Display_bsp/\libhal_bsp.a(alt_dcache_flush_all.o)
                                        0x144 (size before relaxing)
 .debug_str     0x00000000000008f4      0x12c ../VGA_Display_bsp/\libhal_bsp.a(alt_dev.o)
                                        0x2f4 (size before relaxing)
 .debug_str     0x0000000000000a20       0x4e ../VGA_Display_bsp/\libhal_bsp.a(alt_dev_llist_insert.o)
                                        0x1bb (size before relaxing)
 .debug_str     0x0000000000000a6e       0x14 ../VGA_Display_bsp/\libhal_bsp.a(alt_errno.o)
                                        0x134 (size before relaxing)
 .debug_str     0x0000000000000a82       0x30 ../VGA_Display_bsp/\libhal_bsp.a(alt_icache_flush_all.o)
                                        0x155 (size before relaxing)
 .debug_str     0x0000000000000ab2       0x20 ../VGA_Display_bsp/\libhal_bsp.a(altera_nios2_gen2_irq.o)
                                        0x174 (size before relaxing)
 .debug_str     0x0000000000000ad2       0x1b ../VGA_Display_bsp/\libhal_bsp.a(alt_icache_flush.o)
                                        0x14a (size before relaxing)
 .debug_str     0x0000000000000aed       0xd1 c:/intelfpga_lite/18.1/nios2eds/bin/gnu/h-x86_64-mingw32/bin/../lib/gcc/nios2-elf/5.3.0/../../../../../H-x86_64-mingw32/nios2-elf/lib/mhw-mulx\libsmallc.a(lib_a-int_errno.o)
                                        0x1d4 (size before relaxing)

.debug_loc      0x0000000000000000      0x6c4
 *(.debug_loc)
 .debug_loc     0x0000000000000000      0x30e obj/default/video.o
 .debug_loc     0x000000000000030e      0x135 c:/intelfpga_lite/18.1/nios2eds/bin/gnu/h-x86_64-mingw32/bin/../lib/gcc/nios2-elf/5.3.0/../../../../../H-x86_64-mingw32/nios2-elf/lib/mhw-mulx\libsmallc.a(lib_a-memcpy.o)
 .debug_loc     0x0000000000000443       0xa5 c:/intelfpga_lite/18.1/nios2eds/bin/gnu/h-x86_64-mingw32/bin/../lib/gcc/nios2-elf/5.3.0/../../../../../H-x86_64-mingw32/nios2-elf/lib/mhw-mulx\libsmallc.a(lib_a-memset.o)
 .debug_loc     0x00000000000004e8      0x10c ../VGA_Display_bsp/\libhal_bsp.a(alt_sys_init.o)
 .debug_loc     0x00000000000005f4       0x7e ../VGA_Display_bsp/\libhal_bsp.a(alt_dev_llist_insert.o)
 .debug_loc     0x0000000000000672       0x52 ../VGA_Display_bsp/\libhal_bsp.a(alt_icache_flush.o)

.debug_macinfo
 *(.debug_macinfo)

.debug_weaknames
 *(.debug_weaknames)

.debug_funcnames
 *(.debug_funcnames)

.debug_typenames
 *(.debug_typenames)

.debug_varnames
 *(.debug_varnames)

.debug_alt_sim_info
                0x0000000000000000       0x20
 *(.debug_alt_sim_info)
 .debug_alt_sim_info
                0x0000000000000000       0x20 ../VGA_Display_bsp//obj/HAL/src/crt0.o
                0x0000000004000000                __alt_data_end = 0x4000000
                0x0000000004000000                PROVIDE (__alt_stack_pointer, __alt_data_end)
                [!provide]                        PROVIDE (__alt_stack_limit, __alt_stack_base)
                [!provide]                        PROVIDE (__alt_heap_start, end)
                [!provide]                        PROVIDE (__alt_heap_limit, 0x4000000)
OUTPUT(VGA_Display.elf elf32-littlenios2)

.debug_ranges   0x0000000000000000       0xd0
 .debug_ranges  0x0000000000000000       0x20 ../VGA_Display_bsp//obj/HAL/src/crt0.o
 .debug_ranges  0x0000000000000020       0x18 obj/default/video.o
 .debug_ranges  0x0000000000000038       0x10 c:/intelfpga_lite/18.1/nios2eds/bin/gnu/h-x86_64-mingw32/bin/../lib/gcc/nios2-elf/5.3.0/../../../../../H-x86_64-mingw32/nios2-elf/lib/mhw-mulx\libsmallc.a(lib_a-memcpy.o)
 .debug_ranges  0x0000000000000048       0x10 c:/intelfpga_lite/18.1/nios2eds/bin/gnu/h-x86_64-mingw32/bin/../lib/gcc/nios2-elf/5.3.0/../../../../../H-x86_64-mingw32/nios2-elf/lib/mhw-mulx\libsmallc.a(lib_a-memset.o)
 .debug_ranges  0x0000000000000058       0x48 ../VGA_Display_bsp/\libhal_bsp.a(alt_load.o)
 .debug_ranges  0x00000000000000a0       0x20 ../VGA_Display_bsp/\libhal_bsp.a(alt_dev_llist_insert.o)
 .debug_ranges  0x00000000000000c0       0x10 ../VGA_Display_bsp/\libhal_bsp.a(alt_icache_flush.o)
